Capturing https://meghanabhawalkarwo.wixstudio.com/my-site
Capturing https://meghanabhawalkarwo.wixstudio.com/my-site/blank
Capturing https://meghanabhawalkarwo.wixstudio.com/my-site/blank-1
Capturing https://meghanabhawalkarwo.wixstudio.com/my-site/blank-2
Capturing https://meghanabhawalkarwo.wixstudio.com/my-site/blank-4
Capturing https://meghanabhawalkarwo.wixstudio.com/my-site/blank-3-1
Capturing https://meghanabhawalkarwo.wixstudio.com/my-site/blank-11
Capturing https://meghanabhawalkarwo.wixstudio.com/my-site/blank-5
Capturing https://meghanabhawalkarwo.wixstudio.com/my-site/blank-3
Capturing https://meghanabhawalkarwo.wixstudio.com/my-site
Capturing https://meghanabhawalkarwo.wixstudio.com/my-site/blank
Capturing https://meghanabhawalkarwo.wixstudio.com/my-site/blank-1
Capturing https://meghanabhawalkarwo.wixstudio.com/my-site/blank-2
Capturing https://meghanabhawalkarwo.wixstudio.com/my-site/blank-4
Capturing https://meghanabhawalkarwo.wixstudio.com/my-site/blank-3-1
Capturing https://meghanabhawalkarwo.wixstudio.com/my-site/blank-11
Capturing https://meghanabhawalkarwo.wixstudio.com/my-site/blank-5
Capturing https://meghanabhawalkarwo.wixstudio.com/my-site/blank-3
Capturing https://meghanabhawalkarwo.wixstudio.com/my-site
Capturing https://meghanabhawalkarwo.wixstudio.com/my-site/blank
Capturing https://meghanabhawalkarwo.wixstudio.com/my-site/blank-1
Capturing https://meghanabhawalkarwo.wixstudio.com/my-site/blank-2
Capturing https://meghanabhawalkarwo.wixstudio.com/my-site/blank-4
Capturing https://meghanabhawalkarwo.wixstudio.com/my-site/blank-3-1
Capturing https://meghanabhawalkarwo.wixstudio.com/my-site/blank-11
Capturing https://meghanabhawalkarwo.wixstudio.com/my-site/blank-5
Capturing https://meghanabhawalkarwo.wixstudio.com/my-site/blank-3
Fetched referenced asset https://static.parastorage.com/services/wix-thunderbolt/dist/module-executor.81334661.chunk.min.js
Fetched referenced asset https://static.parastorage.com/services/wix-thunderbolt/dist/clientWorker.196162d7.bundle.min.js
Fetched referenced asset https://static.parastorage.com/unpkg/@formatjs/intl-segmenter@11.7.10/polyfill.iife.js
Fetched referenced asset https://static.parastorage.com/unpkg/core-js-bundle@3.2.1/minified.js
Fetched referenced asset https://static.parastorage.com/unpkg/focus-within-polyfill@5.0.9/dist/focus-within-polyfill.js
Fetched referenced asset https://static.parastorage.com/services/wix-thunderbolt/dist/handleAccessTokens.inline.3250797b.bundle.min.js
Fetched referenced asset https://static.parastorage.com/services/wix-thunderbolt/dist/handleAccessTokens.inline.3250797b.bundle.min.js.map
Fetched referenced asset https://static.parastorage.com/services/wix-thunderbolt/dist/overrideGlobals.inline.b271af7d.bundle.min.js
Fetched referenced asset https://static.parastorage.com/services/wix-thunderbolt/dist/overrideGlobals.inline.b271af7d.bundle.min.js.map
Fetched referenced asset https://static.parastorage.com/services/wix-thunderbolt/dist/main.744ea815.min.css
Fetched referenced asset https://static.parastorage.com/services/wix-thunderbolt/dist/main.renderer.c1b1af7e.min.css
Fetched referenced asset https://static.parastorage.com/services/editor-elements-library/dist/thunderbolt/rb_wixui.thunderbolt_bootstrap.6437938f.min.css
Fetched referenced asset https://static.parastorage.com/services/editor-elements-library/dist/thunderbolt/rb_wixui.thunderbolt[FreemiumBannerResponsive_Studio].0be7545c.min.css
Fetched referenced asset https://static.parastorage.com/services/santa-resources/resources/viewer/user-site-fonts/fonts/WixMadefor/v3/WixMadeforTextVF_W_Wght.woff2
Fetched referenced asset https://static.parastorage.com/services/santa-resources/resources/viewer/user-site-fonts/fonts/WixMadefor/v3/WixMadeforText_W_Rg.woff2
Fetched referenced asset https://static.parastorage.com/services/santa-resources/resources/viewer/user-site-fonts/fonts/WixMadefor/v3/WixMadeforText_W_Rg.woff
Fetched referenced asset https://static.parastorage.com/services/editor-elements-library/dist/thunderbolt/rb_wixui.thunderbolt[SkipToContentButton].c9649c22.min.css
Fetched referenced asset https://static.parastorage.com/services/editor-elements-library/dist/thunderbolt/rb_wixui.thunderbolt[ImageX].cb16f202.min.css
Fetched referenced asset https://static.parastorage.com/services/editor-elements-library/dist/thunderbolt/rb_wixui.thunderbolt[SiteButton_WrappingButton].339c1169.min.css
Fetched referenced asset https://static.parastorage.com/services/editor-elements-library/dist/thunderbolt/rb_wixui.thunderbolt[FiveGridLine_SolidLineStudio].74a141cc.min.css
Fetched referenced asset https://static.parastorage.com/services/editor-elements-library/dist/thunderbolt/rb_wixui.thunderbolt[StylableButton_Button].653df76f.min.css
Fetched referenced asset https://static.parastorage.com/services/editor-elements-library/dist/thunderbolt/rb_wixui.thunderbolt[TextEffectsLetterPress].13202917.min.css
Fetched referenced asset https://static.parastorage.com/services/editor-elements-library/dist/thunderbolt/rb_wixui.thunderbolt[VerticalLine_VerticalSolidLine].81222752.min.css
Fetched referenced asset https://static.parastorage.com/services/editor-elements-library/dist/thunderbolt/rb_wixui.thunderbolt_mobile.a7aaff2a.min.css
Fetched referenced asset https://static.parastorage.com/services/editor-elements-library/dist/thunderbolt/rb_wixui.thunderbolt[VectorImage_VectorButton].4e3b3b75.min.css
Fetched referenced asset https://static.parastorage.com/services/editor-elements-library/dist/thunderbolt/rb_wixui.thunderbolt_slideshow.a5eb334b.min.css
Fetched referenced asset https://static.parastorage.com/services/editor-elements-library/dist/thunderbolt/rb_wixui.thunderbolt[TextInput].ff8b5cd8.min.css
Fetched referenced asset https://static.parastorage.com/services/editor-elements-library/dist/thunderbolt/rb_wixui.thunderbolt_menu.e5c02fb0.min.css
Fetched referenced asset https://static.parastorage.com/services/editor-elements-library/dist/thunderbolt/rb_wixui.thunderbolt_bootstrap-responsive.4e8a21db.min.css
Fetched referenced asset https://static.parastorage.com/services/editor-elements-library/dist/thunderbolt/rb_wixui.thunderbolt[RefComponent].98cd6e5f.min.css
Fetched referenced asset https://static.parastorage.com/services/editor-elements-library/dist/thunderbolt/rb_wixui.thunderbolt[Section].34d022c0.min.css
Fetched referenced asset https://static.parastorage.com/services/editor-elements-library/dist/thunderbolt/rb_wixui.thunderbolt[HeaderSection].cdbd0494.min.css
Fetched referenced asset https://static.parastorage.com/services/editor-elements-library/dist/thunderbolt/rb_wixui.thunderbolt[Container_ResponsiveBox].c25ed6c0.min.css
Fetched referenced asset https://static.parastorage.com/services/editor-elements-library/dist/thunderbolt/rb_wixui.thunderbolt[FooterSection].34d022c0.min.css
Fetched referenced asset https://static.parastorage.com/services/editor-elements-library/dist/thunderbolt/rb_wixui.thunderbolt[MenuContainer_Responsive].a710ff33.min.css
Fetched referenced asset https://static.parastorage.com/services/editor-elements-library/dist/thunderbolt/rb_wixui.thunderbolt[PageSections].7dbf3cd4.min.css
Fetched referenced asset https://static.parastorage.com/services/wix-thunderbolt/dist/group_7.c472a333.chunk.min.css
Fetched referenced asset https://static.wixstatic.com/ufonts/834fa9_d08c6fe9ca9b47ccb21ecdcb74412010/woff/file.woff
Fetched referenced asset https://static.wixstatic.com/ufonts/834fa9_d08c6fe9ca9b47ccb21ecdcb74412010/ttf/file.ttf
Fetched referenced asset https://static.parastorage.com/fonts/v2/eca8b0cd-45d8-43cf-aee7-ca462bc5497c/v1/din-next-w10-light.woff2
Fetched referenced asset https://static.parastorage.com/fonts/v2/eca8b0cd-45d8-43cf-aee7-ca462bc5497c/v1/din-next-w02-light.woff2
Fetched referenced asset https://static.parastorage.com/fonts/v2/eca8b0cd-45d8-43cf-aee7-ca462bc5497c/v1/din-next-w01-light.woff2
Fetched referenced asset https://static.parastorage.com/tag-bundler/api/v1/fonts-cache/googlefont/woff2/s/signika/v10/vEFU2_JTCgwQ5ejvE-oDE3lJamIe2tKnXg.woff2
Fetched referenced asset https://static.parastorage.com/tag-bundler/api/v1/fonts-cache/googlefont/woff2/s/signika/v10/vEFR2_JTCgwQ5ejvG18mBlprZ0gk0w.woff2
Fetched referenced asset https://static.wixstatic.com/ufonts/14da03_0df54c350288431ea34bee746fbcc941/woff/file.woff
Fetched referenced asset https://static.wixstatic.com/ufonts/14da03_0df54c350288431ea34bee746fbcc941/ttf/file.ttf
Fetched referenced asset https://static.wixstatic.com/ufonts/68aed7_1615e2f9d1214a96a88382b24d67727b/woff/file.woff
Fetched referenced asset https://static.wixstatic.com/ufonts/68aed7_1615e2f9d1214a96a88382b24d67727b/ttf/file.ttf
Fetched referenced asset https://static.wixstatic.com/ufonts/68aed7_285f11c07be64f32a87d860cf84abdbd/woff/file.woff
Fetched referenced asset https://static.wixstatic.com/ufonts/68aed7_285f11c07be64f32a87d860cf84abdbd/ttf/file.ttf
Fetched referenced asset https://static.parastorage.com/fonts/v2/2af1bf48-e783-4da8-9fa0-599dde29f2d5/v1/helvetica-lt-w10-roman.woff2
Fetched referenced asset https://static.parastorage.com/fonts/v2/2af1bf48-e783-4da8-9fa0-599dde29f2d5/v1/helvetica-w02-roman.woff2
Fetched referenced asset https://static.parastorage.com/fonts/v2/2af1bf48-e783-4da8-9fa0-599dde29f2d5/v1/helvetica-w01-roman.woff2
Fetched referenced asset https://static.parastorage.com/fonts/v2/e333842f-0a84-43f9-9ab7-fb1093ba1628/v1/helveticaneuew01-45ligh.other.woff2
Fetched referenced asset https://static.parastorage.com/fonts/v2/e333842f-0a84-43f9-9ab7-fb1093ba1628/v1/helveticaneuew01-45ligh.latin-ext.woff2
Fetched referenced asset https://static.parastorage.com/fonts/v2/e333842f-0a84-43f9-9ab7-fb1093ba1628/v1/helveticaneuew01-45ligh.latin.woff2
Fetched referenced asset https://static.parastorage.com/fonts/v2/bcaffff6-40a1-4827-ace9-c65e93f5fb5f/v1/helveticaneuew02-45ligh.other.woff2
Fetched referenced asset https://static.parastorage.com/fonts/v2/bcaffff6-40a1-4827-ace9-c65e93f5fb5f/v1/helveticaneuew02-45ligh.math.woff2
Fetched referenced asset https://static.parastorage.com/fonts/v2/bcaffff6-40a1-4827-ace9-c65e93f5fb5f/v1/helveticaneuew02-45ligh.latin-ext.woff2
Fetched referenced asset https://static.parastorage.com/fonts/v2/bcaffff6-40a1-4827-ace9-c65e93f5fb5f/v1/helveticaneuew02-45ligh.latin.woff2
Fetched referenced asset https://static.parastorage.com/fonts/v2/68b86ae9-7ca0-48cc-b777-6559005a8f94/v1/helveticaneuew10-45ligh.other.woff2
Fetched referenced asset https://static.parastorage.com/fonts/v2/68b86ae9-7ca0-48cc-b777-6559005a8f94/v1/helveticaneuew10-45ligh.math.woff2
Fetched referenced asset https://static.parastorage.com/fonts/v2/68b86ae9-7ca0-48cc-b777-6559005a8f94/v1/helveticaneuew10-45ligh.cyrillic.woff2
Fetched referenced asset https://static.parastorage.com/fonts/v2/68b86ae9-7ca0-48cc-b777-6559005a8f94/v1/helveticaneuew10-45ligh.greek.woff2
Fetched referenced asset https://static.parastorage.com/fonts/v2/68b86ae9-7ca0-48cc-b777-6559005a8f94/v1/helveticaneuew10-45ligh.latin-ext.woff2
Fetched referenced asset https://static.parastorage.com/fonts/v2/68b86ae9-7ca0-48cc-b777-6559005a8f94/v1/helveticaneuew10-45ligh.latin.woff2
Fetched referenced asset https://static.parastorage.com/fonts/v2/f73e760d-c6b3-4659-9a8c-9ce1d76c1173/madefor-text.var.original.woff2
Fetched referenced asset https://static.parastorage.com/fonts/v2/f73e760d-c6b3-4659-9a8c-9ce1d76c1173/v1/madefor-text.woff2
Fetched referenced asset https://static.parastorage.com/fonts/v2/19247d19-0454-4de8-b907-b818135794bd/madefor-text.var.original.woff2
Fetched referenced asset https://static.parastorage.com/fonts/v2/19247d19-0454-4de8-b907-b818135794bd/v1/madefor-text.woff2
Fetched referenced asset https://static.parastorage.com/tag-bundler/api/v1/fonts-cache/googlefont/woff2/s/poppins/v21/pxiDyp8kv8JHgFVrJJLmy15VGdeOYktMqlap.woff2
Fetched referenced asset https://static.parastorage.com/tag-bundler/api/v1/fonts-cache/googlefont/woff2/s/poppins/v21/pxiGyp8kv8JHgFVrJJLufntAOvWDSHFF.woff2
Fetched referenced asset https://static.parastorage.com/tag-bundler/api/v1/fonts-cache/googlefont/woff2/s/poppins/v21/pxiEyp8kv8JHgFVrJJnecnFHGPezSQ.woff2
Fetched referenced asset https://static.parastorage.com/tag-bundler/api/v1/fonts-cache/googlefont/woff2/s/poppins/v21/pxiByp8kv8JHgFVrLCz7Z1JlFd2JQEl8qw.woff2
Fetched referenced asset https://static.parastorage.com/tag-bundler/api/v1/fonts-cache/googlefont/woff2/s/poppins/v21/pxiDyp8kv8JHgFVrJJLmy15VF9eOYktMqg.woff2
Fetched referenced asset https://static.parastorage.com/tag-bundler/api/v1/fonts-cache/googlefont/woff2/s/poppins/v21/pxiGyp8kv8JHgFVrJJLucHtAOvWDSA.woff2
Fetched referenced asset https://static.parastorage.com/tag-bundler/api/v1/fonts-cache/googlefont/woff2/s/poppins/v21/pxiEyp8kv8JHgFVrJJfecnFHGPc.woff2
Fetched referenced asset https://static.parastorage.com/tag-bundler/api/v1/fonts-cache/googlefont/woff2/s/poppins/v21/pxiByp8kv8JHgFVrLCz7Z1xlFd2JQEk.woff2
Fetched referenced asset https://static.parastorage.com/tag-bundler/api/v1/fonts-cache/googlefont/woff2/s/poppins/v5/h3r77AwDsldr1E_2g4qqGPk_vArhqVIZ0nv9q090hN8.woff2
Fetched referenced asset https://static.parastorage.com/tag-bundler/api/v1/fonts-cache/googlefont/woff2/s/poppins/v5/Fm41upUVp7KTKUZhL0PfQVtXRa8TVwTICgirnJhmVJw.woff2
Fetched referenced asset https://static.parastorage.com/tag-bundler/api/v1/fonts-cache/googlefont/woff2/s/poppins/v5/rijG6I_IOXJjsH07UEo2mw.woff2
Fetched referenced asset https://static.parastorage.com/tag-bundler/api/v1/fonts-cache/googlefont/woff2/s/poppins/v5/-GlaWpWcSgdVagNuOGuFKRUOjZSKWg4xBWp_C_qQx0o.woff2
Fetched referenced asset https://static.wixstatic.com/media/19f989_7e9e6a7e2fc748fbbbe6eb6a827087f8~mv2.png/v1/fill/w_53,h_81,al_c,q_85,usm_0.66_1.00_0.01,blur_2,enc_avif,quality_auto/LogoArtboard
Fetched referenced asset https://static.wixstatic.com/media/19f989_b7d58400b24147d3bd735a702fb2785a~mv2.png/v1/fill/w_53,h_81,al_c,q_85,usm_0.66_1.00_0.01,blur_2,enc_avif,quality_auto/LogoArtboard
Fetched referenced asset https://static.wixstatic.com/media/19f989_dd5f312b41664daf88ba094c401ba8f1~mv2.png/v1/fill/w_160,h_90,al_c,q_85,usm_0.66_1.00_0.01,blur_3,enc_auto/19f989_dd5f312b41664daf88ba094c401ba8f1~mv2.png
Fetched referenced asset https://static.parastorage.com/services/wix-thunderbolt/dist/sendFedopsLoadStarted.inline.ed1ed98a.bundle.min.js
Fetched referenced asset https://static.parastorage.com/services/wix-thunderbolt/dist/sendFedopsLoadStarted.inline.ed1ed98a.bundle.min.js.map
Fetched referenced asset https://static.parastorage.com/services/wix-thunderbolt/dist/webpack-runtime.75a9d16a.bundle.min.js
Fetched referenced asset https://static.parastorage.com/services/wix-thunderbolt/dist/webpack-runtime.75a9d16a.bundle.min.js.map
Fetched referenced asset https://static.parastorage.com/services/wix-thunderbolt/dist/fastdom.inline.48a8bd4b.bundle.min.js
Fetched referenced asset https://static.parastorage.com/services/wix-thunderbolt/dist/fastdom.inline.48a8bd4b.bundle.min.js.map
Fetched referenced asset https://static.parastorage.com/services/wix-thunderbolt/dist/custom-element-utils.inline.bec24b26.bundle.min.js
Fetched referenced asset https://static.parastorage.com/services/wix-thunderbolt/dist/custom-element-utils.inline.bec24b26.bundle.min.js.map
Fetched referenced asset https://static.parastorage.com/services/wix-thunderbolt/dist/initCustomElements.inline.51cbd1b6.bundle.min.js
Fetched referenced asset https://static.parastorage.com/services/wix-thunderbolt/dist/initCustomElements.inline.51cbd1b6.bundle.min.js.map
Fetched referenced asset https://static.parastorage.com/services/wix-thunderbolt/dist/externals-registry.inline.c335b0f1.bundle.min.js
Fetched referenced asset https://static.parastorage.com/services/wix-thunderbolt/dist/externals-registry.inline.c335b0f1.bundle.min.js.map
Fetched referenced asset https://static.parastorage.com/services/wix-thunderbolt/dist/lazyCustomElementWrapper.inline.eefbcea5.bundle.min.js
Fetched referenced asset https://static.parastorage.com/services/wix-thunderbolt/dist/lazyCustomElementWrapper.inline.eefbcea5.bundle.min.js.map
Fetched referenced asset https://static.parastorage.com/services/wix-thunderbolt/dist/bi-common.inline.24faadf6.bundle.min.js
Fetched referenced asset https://static.parastorage.com/services/wix-thunderbolt/dist/bi-common.inline.24faadf6.bundle.min.js.map
Fetched referenced asset https://static.parastorage.com/services/wix-thunderbolt/dist/createPlatformWorker.inline.a9bb4739.bundle.min.js
Fetched referenced asset https://static.parastorage.com/services/wix-thunderbolt/dist/createPlatformWorker.inline.a9bb4739.bundle.min.js.map
Fetched referenced asset https://static.parastorage.com/services/wix-thunderbolt/dist/windowMessageRegister.inline.5cd174ec.bundle.min.js
Fetched referenced asset https://static.parastorage.com/services/wix-thunderbolt/dist/windowMessageRegister.inline.5cd174ec.bundle.min.js.map
Fetched referenced asset https://static.parastorage.com/services/wix-thunderbolt/dist/bi.inline.ae93e7f6.bundle.min.js
Fetched referenced asset https://static.parastorage.com/services/wix-thunderbolt/dist/bi.inline.ae93e7f6.bundle.min.js.map
Fetched referenced asset https://static.parastorage.com/services/wix-thunderbolt/dist/sendBeat12.inline.995b241c.bundle.min.js
Fetched referenced asset https://static.parastorage.com/services/wix-thunderbolt/dist/sendBeat12.inline.995b241c.bundle.min.js.map
Fetched referenced asset https://video.wixstatic.com/video/19f989_4d384ab718fd459fbdd40426e3417eae/360p/mp4/file.mp4
Fetched referenced asset https://video.wixstatic.com/video/19f989_4d384ab718fd459fbdd40426e3417eae/480p/mp4/file.mp4
Fetched referenced asset https://video.wixstatic.com/video/19f989_4d384ab718fd459fbdd40426e3417eae/720p/mp4/file.mp4
Fetched referenced asset https://video.wixstatic.com/video/19f989_4d384ab718fd459fbdd40426e3417eae/1080p/mp4/file.mp4
Fetched referenced asset https://static.parastorage.com/services/editor-elements-library/dist/thunderbolt/rb_wixui.thunderbolt[VerticalLine_VerticalDottedLine].f44c5b10.min.css
Fetched referenced asset https://static.wixstatic.com/media/19f989_36487fc70bac41889894fbc5a3b77d89~mv2.jpeg/v1/fill/w_112,h_112,al_c,q_80,usm_0.66_1.00_0.01,blur_2,enc_avif,quality_auto/images (1
Fetched referenced asset https://static.wixstatic.com/media/19f989_fa00a798368345caa1b93529d1847110~mv2.jpeg/v1/fill/w_112,h_112,al_c,q_80,usm_0.66_1.00_0.01,blur_2,enc_avif,quality_auto/images (2
Fetched referenced asset https://static.wixstatic.com/media/nsplsh_5b5a3fc5c58a46f384bd44052dad52f8~mv2.jpg/v1/fill/w_147,h_98,al_c,q_80,usm_0.66_1.00_0.01,blur_2,enc_avif,quality_auto/Image
Fetched referenced asset https://static.wixstatic.com/media/11062b_277a34827c9542fca4c9d0e384dfcdac~mv2.jpeg/v1/fill/w_147,h_98,al_c,q_80,usm_0.66_1.00_0.01,blur_2,enc_avif,quality_auto/Singer
Fetched referenced asset https://static.parastorage.com/services/editor-elements-library/dist/thunderbolt/rb_wixui.thunderbolt[TextMarquee].02ff1f66.min.css
Fetched referenced asset https://static.parastorage.com/services/editor-elements-library/dist/thunderbolt/rb_wixui.thunderbolt[FiveGridLine_DottedLine].d6ceb5c8.min.css
Fetched referenced asset https://static.parastorage.com/services/editor-elements-library/dist/thunderbolt/rb_wixui.thunderbolt[AccordionContainer].4ec1ece8.min.css
Fetched referenced asset https://static.parastorage.com/services/editor-elements-library/dist/thunderbolt/rb_wixui.thunderbolt[Repeater_Responsive].4a747053.min.css
Fetched referenced asset https://static.parastorage.com/services/editor-elements-library/dist/thunderbolt/rb_wixui.thunderbolt[AccordionItem_Responsive].e945a40b.min.css
Fetched referenced asset https://static.parastorage.com/services/editor-elements-library/dist/thunderbolt/rb_wixui.thunderbolt[TextMask].c5d1c6e9.min.css
Fetched referenced asset https://static.wixstatic.com/media/19f989_0448a8042e734305b85bbf9090a70472~mv2.jpg/v1/fill/w_60,h_60,al_c,q_80,usm_0.66_1.00_0.01,blur_2,enc_avif,quality_auto/avatars-tZTT6ZBDixwdWfYJ-FD7lcw-t240x240
Fetched referenced asset https://static.wixstatic.com/media/19f989_5cab5667eba246c1b70c62b2d76061a1~mv2.jpg/v1/crop/x_0,y_311,w_965,h_780/fill/w_145,h_117,al_c,q_80,usm_0.66_1.00_0.01,blur_2,enc_avif,quality_auto/deepank (1
Fetched referenced asset https://static.parastorage.com/services/editor-elements-library/dist/thunderbolt/rb_wixui.thunderbolt[MediaOverlayControls].5898ceca.min.css
Fetched referenced asset https://static.parastorage.com/services/editor-elements-library/dist/thunderbolt/rb_wixui.thunderbolt[MediaControls].5898ceca.min.css
Fetched referenced asset https://static.parastorage.com/services/editor-elements-library/dist/thunderbolt/rb_wixui.thunderbolt[MediaPlayer_videoBoxResponsive].8a328571.min.css
Fetched referenced asset https://static.parastorage.com/tag-bundler/api/v1/fonts-cache/googlefont/woff2/s/montserrat/v14/JTUSjIg1_i6t8kCHKm459WZhyyTh89ZNpQ.woff2
Fetched referenced asset https://static.parastorage.com/tag-bundler/api/v1/fonts-cache/googlefont/woff2/s/montserrat/v14/JTUQjIg1_i6t8kCHKm459WxRxi7m0dR9pBOi.woff2
Fetched referenced asset https://static.parastorage.com/tag-bundler/api/v1/fonts-cache/googlefont/woff2/s/montserrat/v14/JTURjIg1_i6t8kCHKm45_dJE3gbD_vx3rCubqg.woff2
Fetched referenced asset https://static.parastorage.com/tag-bundler/api/v1/fonts-cache/googlefont/woff2/s/montserrat/v14/JTUPjIg1_i6t8kCHKm459WxZcgvz8_Zwjimrq1Q_.woff2
Fetched referenced asset https://static.parastorage.com/tag-bundler/api/v1/fonts-cache/googlefont/woff2/s/montserrat/v14/JTUSjIg1_i6t8kCHKm459WRhyyTh89ZNpQ.woff2
Fetched referenced asset https://static.parastorage.com/tag-bundler/api/v1/fonts-cache/googlefont/woff2/s/montserrat/v14/JTUQjIg1_i6t8kCHKm459WxRxC7m0dR9pBOi.woff2
Fetched referenced asset https://static.parastorage.com/tag-bundler/api/v1/fonts-cache/googlefont/woff2/s/montserrat/v14/JTURjIg1_i6t8kCHKm45_dJE3gTD_vx3rCubqg.woff2
Fetched referenced asset https://static.parastorage.com/tag-bundler/api/v1/fonts-cache/googlefont/woff2/s/montserrat/v14/JTUPjIg1_i6t8kCHKm459WxZcgvz8fZwjimrq1Q_.woff2
Fetched referenced asset https://static.parastorage.com/tag-bundler/api/v1/fonts-cache/googlefont/woff2/s/montserrat/v14/JTUSjIg1_i6t8kCHKm459W1hyyTh89ZNpQ.woff2
Fetched referenced asset https://static.parastorage.com/tag-bundler/api/v1/fonts-cache/googlefont/woff2/s/montserrat/v14/JTUQjIg1_i6t8kCHKm459WxRzS7m0dR9pBOi.woff2
Fetched referenced asset https://static.parastorage.com/tag-bundler/api/v1/fonts-cache/googlefont/woff2/s/montserrat/v14/JTURjIg1_i6t8kCHKm45_dJE3g3D_vx3rCubqg.woff2
Fetched referenced asset https://static.parastorage.com/tag-bundler/api/v1/fonts-cache/googlefont/woff2/s/montserrat/v14/JTUPjIg1_i6t8kCHKm459WxZcgvz-PZwjimrq1Q_.woff2
Fetched referenced asset https://static.parastorage.com/tag-bundler/api/v1/fonts-cache/googlefont/woff2/s/montserrat/v14/JTUSjIg1_i6t8kCHKm459WdhyyTh89ZNpQ.woff2
Fetched referenced asset https://static.parastorage.com/tag-bundler/api/v1/fonts-cache/googlefont/woff2/s/montserrat/v14/JTUQjIg1_i6t8kCHKm459WxRxy7m0dR9pBOi.woff2
Fetched referenced asset https://static.parastorage.com/tag-bundler/api/v1/fonts-cache/googlefont/woff2/s/montserrat/v14/JTURjIg1_i6t8kCHKm45_dJE3gfD_vx3rCubqg.woff2
Fetched referenced asset https://static.parastorage.com/tag-bundler/api/v1/fonts-cache/googlefont/woff2/s/montserrat/v14/JTUPjIg1_i6t8kCHKm459WxZcgvz8vZwjimrq1Q_.woff2
Fetched referenced asset https://static.parastorage.com/tag-bundler/api/v1/fonts-cache/googlefont/woff2/s/montserrat/v14/JTUQjIg1_i6t8kCHKm459WxRyS7m0dR9pA.woff2
Fetched referenced asset https://static.parastorage.com/tag-bundler/api/v1/fonts-cache/googlefont/woff2/s/montserrat/v14/JTURjIg1_i6t8kCHKm45_dJE3gnD_vx3rCs.woff2
Fetched referenced asset https://static.parastorage.com/tag-bundler/api/v1/fonts-cache/googlefont/woff2/s/montserrat/v14/JTUPjIg1_i6t8kCHKm459WxZcgvz_PZwjimrqw.woff2
Fetched referenced asset https://video.wixstatic.com/video/19f989_afbcbcc8dac54f2dbaa1f1a8a87033e9/360p/mp4/file.mp4
Fetched referenced asset https://video.wixstatic.com/video/19f989_afbcbcc8dac54f2dbaa1f1a8a87033e9/480p/mp4/file.mp4
Fetched referenced asset https://video.wixstatic.com/video/19f989_afbcbcc8dac54f2dbaa1f1a8a87033e9/720p/mp4/file.mp4
Fetched referenced asset https://video.wixstatic.com/video/19f989_afbcbcc8dac54f2dbaa1f1a8a87033e9/1080p/mp4/file.mp4
Fetched referenced asset https://static.parastorage.com/services/editor-elements-library/dist/thunderbolt/rb_wixui.thunderbolt[Tabs].e4df621f.min.css
Fetched referenced asset https://static.parastorage.com/services/editor-elements-library/dist/thunderbolt/rb_wixui.thunderbolt[SingleTab].0dcd928b.min.css
Fetched referenced asset https://static.wixstatic.com/media/11062b_8b3c5dce81f843f19a196e0c6ce305cc~mv2.jpg/v1/fill/w_147,h_98,al_c,q_80,usm_0.66_1.00_0.01,blur_2,enc_avif,quality_auto/Abstract
Fetched referenced asset https://static.wixstatic.com/media/11062b_54524ceb063b4ac4841d565ec9f15f81~mv2.jpg/v1/fill/w_147,h_98,al_c,q_80,usm_0.66_1.00_0.01,blur_2,enc_avif,quality_auto/Modern
Fetched referenced asset https://static.wixstatic.com/media/nsplsh_eab5212746e445c3954aed77701335d6~mv2.jpg/v1/fill/w_147,h_220,al_c,q_80,usm_0.66_1.00_0.01,blur_2,enc_avif,quality_auto/Image
Fetched referenced asset https://static.wixstatic.com/media/nsplsh_c519d58cfece4c3f9d73dadd6afcf4dd~mv2.jpg/v1/fill/w_147,h_110,al_c,q_80,usm_0.66_1.00_0.01,blur_2,enc_avif,quality_auto/Image
Fetched referenced asset https://static.wixstatic.com/media/nsplsh_715a433870666d31356863~mv2_d_4752_3168_s_4_2.jpg/v1/fill/w_147,h_98,al_c,q_80,usm_0.66_1.00_0.01,blur_2,enc_avif,quality_auto/Image
Fetched referenced asset https://static.wixstatic.com/media/11062b_a6dba9b5a92248a8a77cfd928f2070f9~mv2.jpg/v1/fill/w_147,h_98,al_c,q_80,usm_0.66_1.00_0.01,blur_2,enc_avif,quality_auto/Audio
Fetched referenced asset https://static.wixstatic.com/media/edce858754dd4ca995d4ef9eb8645099.jpg/v1/fill/w_147,h_98,al_c,q_80,usm_0.66_1.00_0.01,blur_2,enc_avif,quality_auto/Electronic
Fetched referenced asset https://static.wixstatic.com/media/11062b_64787987ad414f6ba14dc40b813b4df1~mv2.jpg/v1/fill/w_147,h_98,al_c,q_80,usm_0.66_1.00_0.01,blur_2,enc_avif,quality_auto/Piano
Fetched referenced asset https://static.wixstatic.com/media/19f989_07ccded965c34fc78a6f77e923c2778a~mv2.jpg/v1/fill/w_147,h_98,al_c,q_80,usm_0.66_1.00_0.01,blur_2,enc_avif,quality_auto/Music
Fetched referenced asset https://static.wixstatic.com/media/6a14d409177541b396a715d3f0d61aab.jpg/v1/fill/w_147,h_110,al_c,q_80,usm_0.66_1.00_0.01,blur_2,enc_avif,quality_auto/Audio
Fetched referenced asset https://static.wixstatic.com/media/11062b_36b02b99f96946289cbf39ea99d1b981~mv2.jpg/v1/fill/w_147,h_98,al_c,q_80,usm_0.66_1.00_0.01,blur_2,enc_avif,quality_auto/Audio
Fetched referenced asset https://static.wixstatic.com/media/577434f157834391a21c7230d8bb8fa3.jpg/v1/fill/w_147,h_98,al_c,q_80,usm_0.66_1.00_0.01,blur_2,enc_avif,quality_auto/Audio
Fetched referenced asset https://static.wixstatic.com/media/11062b_46a37418aaba4ce4a3fe8203a997003c~mv2.jpg/v1/fill/w_147,h_98,al_c,q_80,usm_0.66_1.00_0.01,blur_2,enc_avif,quality_auto/Music
Fetched referenced asset https://static.wixstatic.com/media/nsplsh_665a476c5f5f316a74334d~mv2_d_3368_2247_s_2.jpg/v1/fill/w_147,h_98,al_c,q_80,usm_0.66_1.00_0.01,blur_2,enc_avif,quality_auto/Image
Fetched referenced asset https://static.wixstatic.com/media/11062b_abcafc9ab39b41aa976ebad0e170cc39~mv2.jpg/v1/fill/w_147,h_98,al_c,q_80,usm_0.66_1.00_0.01,blur_2,enc_avif,quality_auto/Music
Fetched referenced asset https://static.wixstatic.com/media/de368d6531db4d6588c777b6771eac57.jpg/v1/fill/w_147,h_98,al_c,q_80,usm_0.66_1.00_0.01,blur_2,enc_avif,quality_auto/Music
Fetched referenced asset https://static.wixstatic.com/media/ec886a6b988749f2a6ae8255efe21eeb.jpg/v1/fill/w_147,h_98,al_c,q_80,usm_0.66_1.00_0.01,blur_2,enc_avif,quality_auto/Music
Fetched referenced asset https://static.wixstatic.com/media/19f989_282a7cd104644f808fe309dff0e05802~mv2.jpg/v1/fill/w_147,h_184,al_c,q_80,usm_0.66_1.00_0.01,blur_2,enc_avif,quality_auto/A
Fetched referenced asset https://static.wixstatic.com/media/19f989_0870563480a5447b8d47c35580ea3203~mv2.jpg/v1/fill/w_147,h_184,al_c,q_80,usm_0.66_1.00_0.01,blur_2,enc_avif,quality_auto/A
Fetched referenced asset https://static.wixstatic.com/media/19f989_417234e502394f57b4b8a84121158e93~mv2.jpg/v1/fill/w_147,h_184,al_c,q_80,usm_0.66_1.00_0.01,blur_2,enc_avif,quality_auto/A
Fetched referenced asset https://static.wixstatic.com/media/19f989_66fb09ba17cf4c0cbaed25afe159f666~mv2.jpg/v1/fill/w_147,h_184,al_c,q_80,usm_0.66_1.00_0.01,blur_2,enc_avif,quality_auto/A lot of artists are making music today, but very few are building it from the ground up_T.jpg
Fetched referenced asset https://static.wixstatic.com/media/19f989_f044f51af42940e582d3c96fd5628c01~mv2.jpg/v1/fill/w_147,h_184,al_c,q_80,usm_0.66_1.00_0.01,blur_2,enc_avif,quality_auto/A lot of artists are making music today, but very few are building it from the ground up_T.jpg
Fetched referenced asset https://static.wixstatic.com/media/19f989_2f0563451cf049d78da49f4c6638b2b6~mv2.jpg/v1/fill/w_147,h_184,al_c,q_80,usm_0.66_1.00_0.01,blur_2,enc_avif,quality_auto/A lot of artists are making music today, but very few are building it from the ground up_T.jpg
Fetched referenced asset https://static.wixstatic.com/media/19f989_4e111769a9c24a77b6aa40fc77675fe0~mv2.jpg/v1/fill/w_147,h_184,al_c,q_80,usm_0.66_1.00_0.01,blur_2,enc_avif,quality_auto/A lot of artists are making music today, but very few are building it from the ground up_T.jpg
Fetched referenced asset https://static.wixstatic.com/media/19f989_de4e7e804eee420ab72b818d556cf302~mv2.jpg/v1/fill/w_147,h_184,al_c,q_80,usm_0.66_1.00_0.01,blur_2,enc_avif,quality_auto/A lot of artists are making music today, but very few are building it from the ground up_T.jpg
Fetched referenced asset https://static.wixstatic.com/media/19f989_d98624c9445b4197b381532d3ad74d40~mv2.jpg/v1/fill/w_147,h_184,al_c,q_80,usm_0.66_1.00_0.01,blur_2,enc_avif,quality_auto/Pink
Fetched referenced asset https://static.wixstatic.com/media/19f989_2e6a1686d1864028a36449c1be029a91~mv2.jpg/v1/fill/w_147,h_184,al_c,q_80,usm_0.66_1.00_0.01,blur_2,enc_avif,quality_auto/Pink
Fetched referenced asset https://static.wixstatic.com/media/19f989_e25825b8d7df42608b636bf55c67e149~mv2.jpg/v1/fill/w_147,h_184,al_c,q_80,usm_0.66_1.00_0.01,blur_2,enc_avif,quality_auto/Pink
Fetched referenced asset https://static.wixstatic.com/media/19f989_2d8db35d16f343619e1a793584232b21~mv2.jpg/v1/fill/w_147,h_184,al_c,q_80,usm_0.66_1.00_0.01,blur_2,enc_avif,quality_auto/Pink Poppy Flowers.jpg
Fetched referenced asset https://static.wixstatic.com/media/19f989_dcab7aa3b20d4fe69b352aadcfd45f8c~mv2.jpg/v1/fill/w_147,h_184,al_c,q_80,usm_0.66_1.00_0.01,blur_2,enc_avif,quality_auto/IMG_1323.jpg
Fetched referenced asset https://static.wixstatic.com/media/19f989_dcab7aa3b20d4fe69b352aadcfd45f8c~mv2.jpg/v1/fill/w_147,h_184,al_c,q_80,usm_0.66_1.00_0.01,blur_2,enc_avif,quality_auto/Pink Poppy Flowers.jpg
Fetched referenced asset https://static.wixstatic.com/media/19f989_7aaca18f1b5144558aa350194143851a~mv2.jpg/v1/fill/w_147,h_184,al_c,q_80,usm_0.66_1.00_0.01,blur_2,enc_avif,quality_auto/Pink Poppy Flowers.jpg
Fetched referenced asset https://static.wixstatic.com/media/19f989_dd31731b82be44249f7d944581eb4729~mv2.jpg/v1/fill/w_147,h_184,al_c,q_80,usm_0.66_1.00_0.01,blur_2,enc_avif,quality_auto/Everyone
Fetched referenced asset https://static.wixstatic.com/media/19f989_35b0304b60414a7094ab753a7eff87af~mv2.jpg/v1/fill/w_147,h_184,al_c,q_80,usm_0.66_1.00_0.01,blur_2,enc_avif,quality_auto/Everyone
Fetched referenced asset https://static.wixstatic.com/media/19f989_5457918adfd04728b8ff9c06957f54d6~mv2.jpg/v1/fill/w_147,h_184,al_c,q_80,usm_0.66_1.00_0.01,blur_2,enc_avif,quality_auto/Everyone talks about finishing the song_ Very few stay for what happens after_That gap, be.jpg
Fetched referenced asset https://static.wixstatic.com/media/19f989_c76a7c0541bb4ca48a7868ba4f8c7bfd~mv2.jpg/v1/fill/w_147,h_184,al_c,q_80,usm_0.66_1.00_0.01,blur_2,enc_avif,quality_auto/Everyone talks about finishing the song_ Very few stay for what happens after_That gap, be.jpg
Fetched referenced asset https://static.wixstatic.com/media/19f989_aab19d8dc3634946906fc78fb4f46ef4~mv2.jpg/v1/fill/w_147,h_184,al_c,q_80,usm_0.66_1.00_0.01,blur_2,enc_avif,quality_auto/Everyone talks about finishing the song_ Very few stay for what happens after_That gap, be.jpg
Fetched referenced asset https://static.wixstatic.com/media/19f989_d00d2a2278b644a5a0494aaefc3be9b5~mv2.jpg/v1/fill/w_147,h_184,al_c,q_80,usm_0.66_1.00_0.01,blur_2,enc_avif,quality_auto/Everyone talks about finishing the song_ Very few stay for what happens after_That gap, be.jpg
Fetched referenced asset https://static.wixstatic.com/media/19f989_830c5a6d754d46e4a72f395eeaf691ee~mv2.jpg/v1/fill/w_147,h_184,al_c,q_80,usm_0.66_1.00_0.01,blur_2,enc_avif,quality_auto/Everyone talks about finishing the song_ Very few stay for what happens after_That gap, be.jpg
Fetched referenced asset https://static.wixstatic.com/media/19f989_211e59b76d27486a9b00bd26f2ad9976~mv2.jpg/v1/fill/w_147,h_184,al_c,q_80,usm_0.66_1.00_0.01,blur_2,enc_avif,quality_auto/Everyone talks about finishing the song_ Very few stay for what happens after_That gap, be.jpg
Fetched referenced asset https://static.wixstatic.com/media/19f989_c0ac426aa9fe436d9fce2a0a65e22d9c~mv2.jpg/v1/fill/w_147,h_184,al_c,q_80,usm_0.66_1.00_0.01,blur_2,enc_avif,quality_auto/Everyone talks about finishing the song_ Very few stay for what happens after_That gap, be.jpg
Mirrored 9 pages and 562 assets.
